// Jest Snapshot v1, https://goo.gl/fbAQLP

exports[`Pruebas en componente DeleteEventFab Debe mostrarse correctamente 1`] = `
<div>
  <button
    className="btn btn-danger fab-danger"
    onClick={[Function]}
  >
    <i
      className="fas fa-trash"
    />
  </button>
</div>
`;
