// Jest Snapshot v1, https://goo.gl/fbAQLP

exports[`Pruebas en el componente AppRouter Debe mostrarse correctamente  1`] = `
<h4>
  Wait...
</h4>
`;

exports[`Pruebas en el componente AppRouter Debe mostrarse la ruta privada  1`] = `
<div>
  <div>
    <div
      className="navbar navbar-dark bg-dark mb-4"
    >
      <span
        className="navbar-brand"
      >
        test
      </span>
      <button
        className="btn btn-danger"
        onClick={[Function]}
      >
        <i
          className="fas fa-sign-out-alt"
        />
        <span>
           Salir
        </span>
      </button>
    </div>
    <div
      className="rbc-calendar"
      style={
        Object {
          "height": 850,
        }
      }
    >
      <div
        className="rbc-toolbar"
      >
        <span
          className="rbc-btn-group"
        >
          <button
            onClick={[Function]}
            type="button"
          >
            Today
          </button>
          <button
            onClick={[Function]}
            type="button"
          >
            Back
          </button>
          <button
            onClick={[Function]}
            type="button"
          >
            Next
          </button>
        </span>
        <span
          className="rbc-toolbar-label"
        >
          October 2020
        </span>
        <span
          className="rbc-btn-group"
        >
          <button
            className="rbc-active"
            key="month"
            onClick={[Function]}
            type="button"
          >
            Month
          </button>
          <button
            className=""
            key="week"
            onClick={[Function]}
            type="button"
          >
            Week
          </button>
          <button
            className=""
            key="day"
            onClick={[Function]}
            type="button"
          >
            Day
          </button>
          <button
            className=""
            key="agenda"
            onClick={[Function]}
            type="button"
          >
            Agenda
          </button>
        </span>
      </div>
      <div
        className="rbc-month-view"
      >
        <div
          className="rbc-row rbc-month-header"
        >
          <div
            className="rbc-header"
            key="header_0"
          >
            <span>
              Sun
            </span>
          </div>
          <div
            className="rbc-header"
            key="header_1"
          >
            <span>
              Mon
            </span>
          </div>
          <div
            className="rbc-header"
            key="header_2"
          >
            <span>
              Tue
            </span>
          </div>
          <div
            className="rbc-header"
            key="header_3"
          >
            <span>
              Wed
            </span>
          </div>
          <div
            className="rbc-header"
            key="header_4"
          >
            <span>
              Thu
            </span>
          </div>
          <div
            className="rbc-header"
            key="header_5"
          >
            <span>
              Fri
            </span>
          </div>
          <div
            className="rbc-header"
            key="header_6"
          >
            <span>
              Sat
            </span>
          </div>
        </div>
        <div
          className="rbc-month-row"
        >
          <div
            className="rbc-row-bg"
          >
            <div
              className="rbc-day-bg rbc-off-range-bg"
            />
            <div
              className="rbc-day-bg rbc-off-range-bg"
            />
            <div
              className="rbc-day-bg rbc-off-range-bg"
            />
            <div
              className="rbc-day-bg rbc-off-range-bg"
            />
            <div
              className="rbc-day-bg"
            />
            <div
              className="rbc-day-bg"
            />
            <div
              className="rbc-day-bg"
            />
          </div>
          <div
            className="rbc-row-content"
          >
            <div
              className="rbc-row "
            >
              <div
                className="rbc-date-cell rbc-off-range"
                key="header_0"
              >
                <a
                  href="#"
                  onClick={[Function]}
                >
                  27
                </a>
              </div>
              <div
                className="rbc-date-cell rbc-off-range"
                key="header_1"
              >
                <a
                  href="#"
                  onClick={[Function]}
                >
                  28
                </a>
              </div>
              <div
                className="rbc-date-cell rbc-off-range"
                key="header_2"
              >
                <a
                  href="#"
                  onClick={[Function]}
                >
                  29
                </a>
              </div>
              <div
                className="rbc-date-cell rbc-off-range"
                key="header_3"
              >
                <a
                  href="#"
                  onClick={[Function]}
                >
                  30
                </a>
              </div>
              <div
                className="rbc-date-cell"
                key="header_4"
              >
                <a
                  href="#"
                  onClick={[Function]}
                >
                  01
                </a>
              </div>
              <div
                className="rbc-date-cell"
                key="header_5"
              >
                <a
                  href="#"
                  onClick={[Function]}
                >
                  02
                </a>
              </div>
              <div
                className="rbc-date-cell"
                key="header_6"
              >
                <a
                  href="#"
                  onClick={[Function]}
                >
                  03
                </a>
              </div>
            </div>
          </div>
        </div>
        <div
          className="rbc-month-row"
        >
          <div
            className="rbc-row-bg"
          >
            <div
              className="rbc-day-bg"
            />
            <div
              className="rbc-day-bg"
            />
            <div
              className="rbc-day-bg"
            />
            <div
              className="rbc-day-bg"
            />
            <div
              className="rbc-day-bg"
            />
            <div
              className="rbc-day-bg"
            />
            <div
              className="rbc-day-bg"
            />
          </div>
          <div
            className="rbc-row-content"
          >
            <div
              className="rbc-row "
            >
              <div
                className="rbc-date-cell"
                key="header_0"
              >
                <a
                  href="#"
                  onClick={[Function]}
                >
                  04
                </a>
              </div>
              <div
                className="rbc-date-cell"
                key="header_1"
              >
                <a
                  href="#"
                  onClick={[Function]}
                >
                  05
                </a>
              </div>
              <div
                className="rbc-date-cell"
                key="header_2"
              >
                <a
                  href="#"
                  onClick={[Function]}
                >
                  06
                </a>
              </div>
              <div
                className="rbc-date-cell"
                key="header_3"
              >
                <a
                  href="#"
                  onClick={[Function]}
                >
                  07
                </a>
              </div>
              <div
                className="rbc-date-cell"
                key="header_4"
              >
                <a
                  href="#"
                  onClick={[Function]}
                >
                  08
                </a>
              </div>
              <div
                className="rbc-date-cell"
                key="header_5"
              >
                <a
                  href="#"
                  onClick={[Function]}
                >
                  09
                </a>
              </div>
              <div
                className="rbc-date-cell"
                key="header_6"
              >
                <a
                  href="#"
                  onClick={[Function]}
                >
                  10
                </a>
              </div>
            </div>
          </div>
        </div>
        <div
          className="rbc-month-row"
        >
          <div
            className="rbc-row-bg"
          >
            <div
              className="rbc-day-bg"
            />
            <div
              className="rbc-day-bg rbc-today"
            />
            <div
              className="rbc-day-bg"
            />
            <div
              className="rbc-day-bg"
            />
            <div
              className="rbc-day-bg"
            />
            <div
              className="rbc-day-bg"
            />
            <div
              className="rbc-day-bg"
            />
          </div>
          <div
            className="rbc-row-content"
          >
            <div
              className="rbc-row "
            >
              <div
                className="rbc-date-cell"
                key="header_0"
              >
                <a
                  href="#"
                  onClick={[Function]}
                >
                  11
                </a>
              </div>
              <div
                className="rbc-date-cell rbc-now rbc-current"
                key="header_1"
              >
                <a
                  href="#"
                  onClick={[Function]}
                >
                  12
                </a>
              </div>
              <div
                className="rbc-date-cell"
                key="header_2"
              >
                <a
                  href="#"
                  onClick={[Function]}
                >
                  13
                </a>
              </div>
              <div
                className="rbc-date-cell"
                key="header_3"
              >
                <a
                  href="#"
                  onClick={[Function]}
                >
                  14
                </a>
              </div>
              <div
                className="rbc-date-cell"
                key="header_4"
              >
                <a
                  href="#"
                  onClick={[Function]}
                >
                  15
                </a>
              </div>
              <div
                className="rbc-date-cell"
                key="header_5"
              >
                <a
                  href="#"
                  onClick={[Function]}
                >
                  16
                </a>
              </div>
              <div
                className="rbc-date-cell"
                key="header_6"
              >
                <a
                  href="#"
                  onClick={[Function]}
                >
                  17
                </a>
              </div>
            </div>
          </div>
        </div>
        <div
          className="rbc-month-row"
        >
          <div
            className="rbc-row-bg"
          >
            <div
              className="rbc-day-bg"
            />
            <div
              className="rbc-day-bg"
            />
            <div
              className="rbc-day-bg"
            />
            <div
              className="rbc-day-bg"
            />
            <div
              className="rbc-day-bg"
            />
            <div
              className="rbc-day-bg"
            />
            <div
              className="rbc-day-bg"
            />
          </div>
          <div
            className="rbc-row-content"
          >
            <div
              className="rbc-row "
            >
              <div
                className="rbc-date-cell"
                key="header_0"
              >
                <a
                  href="#"
                  onClick={[Function]}
                >
                  18
                </a>
              </div>
              <div
                className="rbc-date-cell"
                key="header_1"
              >
                <a
                  href="#"
                  onClick={[Function]}
                >
                  19
                </a>
              </div>
              <div
                className="rbc-date-cell"
                key="header_2"
              >
                <a
                  href="#"
                  onClick={[Function]}
                >
                  20
                </a>
              </div>
              <div
                className="rbc-date-cell"
                key="header_3"
              >
                <a
                  href="#"
                  onClick={[Function]}
                >
                  21
                </a>
              </div>
              <div
                className="rbc-date-cell"
                key="header_4"
              >
                <a
                  href="#"
                  onClick={[Function]}
                >
                  22
                </a>
              </div>
              <div
                className="rbc-date-cell"
                key="header_5"
              >
                <a
                  href="#"
                  onClick={[Function]}
                >
                  23
                </a>
              </div>
              <div
                className="rbc-date-cell"
                key="header_6"
              >
                <a
                  href="#"
                  onClick={[Function]}
                >
                  24
                </a>
              </div>
            </div>
          </div>
        </div>
        <div
          className="rbc-month-row"
        >
          <div
            className="rbc-row-bg"
          >
            <div
              className="rbc-day-bg"
            />
            <div
              className="rbc-day-bg"
            />
            <div
              className="rbc-day-bg"
            />
            <div
              className="rbc-day-bg"
            />
            <div
              className="rbc-day-bg"
            />
            <div
              className="rbc-day-bg"
            />
            <div
              className="rbc-day-bg"
            />
          </div>
          <div
            className="rbc-row-content"
          >
            <div
              className="rbc-row "
            >
              <div
                className="rbc-date-cell"
                key="header_0"
              >
                <a
                  href="#"
                  onClick={[Function]}
                >
                  25
                </a>
              </div>
              <div
                className="rbc-date-cell"
                key="header_1"
              >
                <a
                  href="#"
                  onClick={[Function]}
                >
                  26
                </a>
              </div>
              <div
                className="rbc-date-cell"
                key="header_2"
              >
                <a
                  href="#"
                  onClick={[Function]}
                >
                  27
                </a>
              </div>
              <div
                className="rbc-date-cell"
                key="header_3"
              >
                <a
                  href="#"
                  onClick={[Function]}
                >
                  28
                </a>
              </div>
              <div
                className="rbc-date-cell"
                key="header_4"
              >
                <a
                  href="#"
                  onClick={[Function]}
                >
                  29
                </a>
              </div>
              <div
                className="rbc-date-cell"
                key="header_5"
              >
                <a
                  href="#"
                  onClick={[Function]}
                >
                  30
                </a>
              </div>
              <div
                className="rbc-date-cell"
                key="header_6"
              >
                <a
                  href="#"
                  onClick={[Function]}
                >
                  31
                </a>
              </div>
            </div>
          </div>
        </div>
      </div>
    </div>
    <div>
      <button
        className="btn btn-primary fab"
        onClick={[Function]}
      >
        <i
          className="fas fa-plus"
        />
      </button>
    </div>
    <Portal
      containerInfo={
        <div
          class="ReactModalPortal"
        />
      }
    />
  </div>
</div>
`;

exports[`Pruebas en el componente AppRouter Debe mostrarse la ruta publica  1`] = `
<div>
  <div
    className="container login-container"
  >
    <div
      className="row"
    >
      <div
        className="col-md-6 login-form-1"
      >
        <h3>
          Sign in
        </h3>
        <form
          onSubmit={[Function]}
        >
          <div
            className="form-group"
          >
            <input
              className="form-control"
              name="loginEmail"
              onChange={[Function]}
              placeholder="Email"
              type="text"
              value=""
            />
          </div>
          <div
            className="form-group"
          >
            <input
              className="form-control"
              name="loginPassword"
              onChange={[Function]}
              placeholder="Password"
              type="password"
              value=""
            />
          </div>
          <div
            className="form-group"
          >
            <input
              className="btnSubmit"
              type="submit"
              value="Login"
            />
          </div>
        </form>
      </div>
      <div
        className="col-md-6 login-form-2"
      >
        <h3>
          Register
        </h3>
        <form
          onSubmit={[Function]}
        >
          <div
            className="form-group"
          >
            <input
              className="form-control"
              name="registerName"
              onChange={[Function]}
              placeholder="Name"
              type="text"
              value=""
            />
          </div>
          <div
            className="form-group"
          >
            <input
              className="form-control"
              name="registerEmail"
              onChange={[Function]}
              placeholder="Email"
              type="email"
              value=""
            />
          </div>
          <div
            className="form-group"
          >
            <input
              className="form-control"
              name="registerPassword"
              onChange={[Function]}
              placeholder="Password"
              type="password"
              value=""
            />
          </div>
          <div
            className="form-group"
          >
            <input
              className="form-control"
              name="registerPassword2"
              onChange={[Function]}
              placeholder="Confirm Password"
              type="password"
              value=""
            />
          </div>
          <div
            className="form-group"
          >
            <input
              className="btnSubmit"
              type="submit"
              value="Create account"
            />
          </div>
        </form>
      </div>
    </div>
  </div>
</div>
`;
